src/app/hizb/[hizbNumber]/HizbClientPage.tsx(143,6): error TS17008: JSX element 'div' has no corresponding closing tag.
src/app/hizb/[hizbNumber]/HizbClientPage.tsx(216,7): error TS1003: Identifier expected.
src/app/hizb/[hizbNumber]/HizbClientPage.tsx(218,1): error TS1381: Unexpected token. Did you mean `{'}'}` or `&rbrace;`?
src/app/hizb/[hizbNumber]/HizbClientPage.tsx(219,1): error TS1005: '</' expected.
src/app/manzil/[manzilNumber]/SurahSection.tsx(43,6): error TS17008: JSX element 'div' has no corresponding closing tag.
src/app/manzil/[manzilNumber]/SurahSection.tsx(99,1): error TS1381: Unexpected token. Did you mean `{'}'}` or `&rbrace;`?
src/app/manzil/[manzilNumber]/SurahSection.tsx(99,2): error TS1005: '</' expected.
src/app/quran-player/page.old.tsx(299,19): error TS1381: Unexpected token. Did you mean `{'}'}` or `&rbrace;`?
src/app/quran-player/page.old.tsx(300,17): error TS17015: Expected corresponding closing tag for JSX fragment.
src/app/quran-player/page.old.tsx(300,20): error TS1382: Unexpected token. Did you mean `{'>'}` or `&gt;`?
src/app/quran-player/page.old.tsx(301,15): error TS1003: Identifier expected.
src/app/quran-player/page.old.tsx(302,12): error TS1381: Unexpected token. Did you mean `{'}'}` or `&rbrace;`?
src/app/quran-player/page.old.tsx(318,5): error TS1005: ')' expected.
src/app/quran-player/page.old.tsx(319,3): error TS1109: Expression expected.
src/components/AudioPlayer/AudioView.temp.tsx(139,37): error TS1005: '}' expected.
